// Jest Snapshot v1, https://goo.gl/fbAQLP

exports[`App renders correctly 1`] = `
<div
  className="Login"
>
  <div
    className="LoginColumn"
  >
    <img
      alt="logo"
      className="Logo"
      src="logo.svg"
      width={156}
    />
  </div>
  <div
    className="LoginColumn"
  >
    <div
      className="LoginForm"
      data-testid="LoginForm"
    >
      <form
        onSubmit={[Function]}
      >
        <div
          className="LoginFormContainer"
        >
          <div
            className="LoginFormItem"
          >
            <h1
              className="LoginTitle"
            >
              Войти
            </h1>
            <div
              className="LoginLink"
            >
              <div>
                Уже зарегистрированы?
              </div>
              <a
                className="Link"
                href="/registration"
                onClick={[Function]}
              >
                Зарегистрируйтесь
              </a>
            </div>
          </div>
          <div
            className="MuiFormControl-root MuiTextField-root MuiFormControl-marginNormal MuiFormControl-fullWidth"
          >
            <label
              className="MuiFormLabel-root MuiInputLabel-root MuiInputLabel-formControl MuiInputLabel-animated Mui-required Mui-required"
              data-shrink={false}
            >
              Имя пользователя
              <span
                className="MuiFormLabel-asterisk MuiInputLabel-asterisk"
              >
                 
                *
              </span>
            </label>
            <div
              className="MuiInputBase-root MuiInput-root MuiInput-underline MuiInputBase-fullWidth MuiInput-fullWidth MuiInputBase-formControl MuiInput-formControl"
              onClick={[Function]}
            >
              <input
                aria-invalid={false}
                className="MuiInputBase-input MuiInput-input"
                disabled={false}
                name="login"
                onAnimationStart={[Function]}
                onBlur={[Function]}
                onChange={[Function]}
                onFocus={[Function]}
                placeholder="Имя пользователя"
                required={true}
                type="text"
                value=""
              />
            </div>
          </div>
          <div
            className="MuiFormControl-root MuiTextField-root MuiFormControl-marginNormal MuiFormControl-fullWidth"
          >
            <label
              className="MuiFormLabel-root MuiInputLabel-root MuiInputLabel-formControl MuiInputLabel-animated Mui-required Mui-required"
              data-shrink={false}
            >
              Пароль
              <span
                className="MuiFormLabel-asterisk MuiInputLabel-asterisk"
              >
                 
                *
              </span>
            </label>
            <div
              className="MuiInputBase-root MuiInput-root MuiInput-underline MuiInputBase-fullWidth MuiInput-fullWidth MuiInputBase-formControl MuiInput-formControl"
              onClick={[Function]}
            >
              <input
                aria-invalid={false}
                className="MuiInputBase-input MuiInput-input"
                disabled={false}
                name="password"
                onAnimationStart={[Function]}
                onBlur={[Function]}
                onChange={[Function]}
                onFocus={[Function]}
                placeholder="Пароль"
                required={true}
                type="password"
                value=""
              />
            </div>
          </div>
          <button
            className="MuiButtonBase-root MuiButton-root MuiButton-contained LoginButton LoginButtonMargin MuiButton-containedPrimary"
            data-testid="LoginButton"
            disabled={false}
            onBlur={[Function]}
            onDragLeave={[Function]}
            onFocus={[Function]}
            onKeyDown={[Function]}
            onKeyUp={[Function]}
            onMouseDown={[Function]}
            onMouseLeave={[Function]}
            onMouseUp={[Function]}
            onTouchEnd={[Function]}
            onTouchMove={[Function]}
            onTouchStart={[Function]}
            tabIndex={0}
            type="submit"
          >
            <span
              className="MuiButton-label"
            >
              Войти
            </span>
          </button>
        </div>
      </form>
    </div>
  </div>
</div>
`;
