// Jest Snapshot v1, https://goo.gl/fbAQLP

exports[`ProfileForm renders correctly 1`] = `
<div
  className="ProfileFormContainer"
>
  <form
    className="ProfileForm"
    onSubmit={[Function]}
  >
    <div
      className="ProfileFormCards"
    >
      <div
        className="ProfileFormCardContainer"
      >
        <div
          className="ProfileFormCard"
        >
          <div
            className="ProfileFormCardFields"
          >
            <span
              className="IconMasterCard"
              width="32px"
            >
              <img
                src="data:image/svg+xml,%3Csvg xmlns='http://www.w3.org/2000/svg' viewBox='0 0 131.39 86.9'%3E%3Cdefs%3E%3Cstyle%3E.a%7Bopacity:0;%7D.b%7Bfill:%23fff;%7D.c%7Bfill:%23ff5f00;%7D.d%7Bfill:%23eb001b;%7D.e%7Bfill:%23f79e1b;%7D%3C/style%3E%3C/defs%3E%3Ctitle%3EAsset 1%3C/title%3E%3Cg class='a'%3E%3Crect class='b' width='131.39' height='86.9'/%3E%3C/g%3E%3Crect class='c' x='48.37' y='15.14' width='34.66' height='56.61'/%3E%3Cpath class='d' d='M51.94,43.45a35.94,35.94,0,0,1,13.75-28.3,36,36,0,1,0,0,56.61A35.94,35.94,0,0,1,51.94,43.45Z'/%3E%3Cpath class='e' d='M120.5,65.76V64.6H121v-.24h-1.19v.24h.47v1.16Zm2.31,0v-1.4h-.36l-.42,1-.42-1h-.36v1.4h.26V64.7l.39.91h.27l.39-.91v1.06Z'/%3E%3Cpath class='e' d='M123.94,43.45a36,36,0,0,1-58.25,28.3,36,36,0,0,0,0-56.61,36,36,0,0,1,58.25,28.3Z'/%3E%3C/svg%3E"
                width="32px"
              />
            </span>
            <div>
              <div
                className="TextFieldLabelBlock"
              >
                <label
                  className="TextFieldLabel"
                  htmlFor="cardNumber"
                >
                  Номер карты *
                </label>
              </div>
              <div
                className="MuiFormControl-root MuiTextField-root MuiFormControl-marginNormal"
              >
                <div
                  className="MuiInputBase-root MuiInput-root MuiInput-underline MuiInputBase-formControl MuiInput-formControl"
                  onClick={[Function]}
                >
                  <input
                    aria-invalid={false}
                    className="MuiInputBase-input MuiInput-input"
                    disabled={false}
                    name="cardNumber"
                    onAnimationStart={[Function]}
                    onBlur={[Function]}
                    onChange={[Function]}
                    onFocus={[Function]}
                    placeholder="0000 0000 0000 0000"
                    required={true}
                    type="text"
                    value=""
                  />
                </div>
              </div>
            </div>
            <div
              className="MuiFormControl-root MuiTextField-root"
              format="MM/yy"
              onClick={[Function]}
              onKeyDown={[Function]}
            >
              <div
                className="MuiInputBase-root MuiInput-root MuiInput-underline MuiInputBase-formControl MuiInput-formControl"
                onClick={[Function]}
              >
                <input
                  aria-invalid={false}
                  className="MuiInputBase-input MuiInput-input"
                  defaultValue={2000-11-30T21:00:00.000Z}
                  disabled={false}
                  name="expiryDate"
                  onAnimationStart={[Function]}
                  onBlur={[Function]}
                  onChange={[Function]}
                  onFocus={[Function]}
                  readOnly={true}
                  required={false}
                  type="text"
                  value="11/19"
                />
              </div>
              
            </div>
          </div>
        </div>
      </div>
      <div
        className="ProfileFormCardContainer"
      >
        <div
          className="ProfileFormCard"
        >
          <div
            className="ProfileFormCardFields"
          >
            <div
              className="TextFieldLabelBlock"
            >
              <label
                className="TextFieldLabel"
                htmlFor="cardNumber"
              >
                Имя владельца *
              </label>
            </div>
            <div
              className="MuiFormControl-root MuiTextField-root MuiFormControl-marginNormal"
            >
              <div
                className="MuiInputBase-root MuiInput-root MuiInput-underline MuiInputBase-formControl MuiInput-formControl"
                onClick={[Function]}
              >
                <input
                  aria-invalid={false}
                  className="MuiInputBase-input MuiInput-input"
                  disabled={false}
                  name="cardName"
                  onAnimationStart={[Function]}
                  onBlur={[Function]}
                  onChange={[Function]}
                  onFocus={[Function]}
                  required={true}
                  type="text"
                  value=""
                />
              </div>
            </div>
            <div
              className="TextFieldLabelBlock"
            >
              <label
                className="TextFieldLabel"
                htmlFor="cardNumber"
              >
                CVC *
              </label>
            </div>
            <div
              className="MuiFormControl-root MuiTextField-root MuiFormControl-marginNormal"
            >
              <div
                className="MuiInputBase-root MuiInput-root MuiInput-underline MuiInputBase-formControl MuiInput-formControl"
                onClick={[Function]}
              >
                <input
                  aria-invalid={false}
                  className="MuiInputBase-input MuiInput-input"
                  disabled={false}
                  name="cvc"
                  onAnimationStart={[Function]}
                  onBlur={[Function]}
                  onChange={[Function]}
                  onFocus={[Function]}
                  required={true}
                  type="text"
                  value=""
                />
              </div>
            </div>
          </div>
        </div>
      </div>
    </div>
    <div
      className="ProfileFormButton"
    >
      <button
        className="MuiButtonBase-root MuiButton-root MuiButton-contained LoginButton MuiButton-containedPrimary"
        disabled={false}
        onBlur={[Function]}
        onDragLeave={[Function]}
        onFocus={[Function]}
        onKeyDown={[Function]}
        onKeyUp={[Function]}
        onMouseDown={[Function]}
        onMouseLeave={[Function]}
        onMouseUp={[Function]}
        onTouchEnd={[Function]}
        onTouchMove={[Function]}
        onTouchStart={[Function]}
        tabIndex={0}
        type="submit"
      >
        <span
          className="MuiButton-label"
        >
          Сохранить
        </span>
      </button>
    </div>
  </form>
</div>
`;
